Testing with address: {'street': '123 main street', 'city': 'new york', 'state': 'ny', 'zip_code': '10001', 'country': 'usa'}
Error: Could not connect to the API. Is the server running?
